
> hmmotor-next@0.1.0 build
> next build

⚠ Warning: Next.js inferred your workspace root, but it may not be correct.
 We detected multiple lockfiles and selected the directory of C:\Users\hakan\package-lock.json as the root directory.
 To silence this warning, set `turbopack.root` in your Next.js config, or consider removing one of the lockfiles if it's not needed.
   See https://nextjs.org/docs/app/api-reference/config/next-config-js/turbopack#root-directory for more information.
 Detected additional lockfiles: 
   * C:\Users\hakan\OneDrive\Dokument\Antigravity\hmmotor-next\package-lock.json

▲ Next.js 16.2.3 (Turbopack)
- Environments: .env.local, .env.production

  Creating an optimized production build ...
✓ Compiled successfully in 31.7s
  Running TypeScript ...
  Finished TypeScript in 39.4s ...
  Collecting page data using 7 workers ...
  Generating static pages using 7 workers (0/275) ...
  Generating static pages using 7 workers (68/275) 
  Generating static pages using 7 workers (137/275) 
  Generating static pages using 7 workers (206/275) 
✓ Generating static pages using 7 workers (275/275) in 5.1s
  Finalizing page optimization ...

Route (app)
┌ ƒ /
├ ƒ /_not-found
├ ƒ /[slug]
├ ƒ /admin/[[...path]]
├ ƒ /api/activity
├ ƒ /api/admin/login
├ ƒ /api/admin/logout
├ ƒ /api/admin/seed-displayteknik-brand
├ ƒ /api/agents/ideas
├ ƒ /api/agents/night-iterate
├ ƒ /api/agents/score-trend
├ ƒ /api/ai/transcribe
├ ƒ /api/ai/vision
├ ƒ /api/analytics/dashboard
├ ƒ /api/analytics/deep-audit
├ ƒ /api/analytics/metrics
├ ƒ /api/analytics/snapshots
├ ƒ /api/assets
├ ƒ /api/assets/[id]
├ ƒ /api/assets/finalize
├ ƒ /api/assets/transcribe
├ ƒ /api/assets/upload
├ ƒ /api/assets/upload-url
├ ƒ /api/blog/cron
├ ƒ /api/blog/generate
├ ƒ /api/blog/generate-cover
├ ƒ /api/blog/ideas
├ ƒ /api/blog/internal-links
├ ƒ /api/blog/outline
├ ƒ /api/blog/queue
├ ƒ /api/blog/voice-check
├ ƒ /api/brand-kit
├ ƒ /api/brand-kit/agent
├ ƒ /api/brand/prefill
├ ƒ /api/clients
├ ƒ /api/clients/active
├ ƒ /api/clients/customer-access
├ ƒ /api/clients/switch
├ ƒ /api/coach
├ ƒ /api/cockpit/coach-users
├ ƒ /api/competitors
├ ƒ /api/competitors/analyze
├ ƒ /api/content-compass
├ ƒ /api/content-compass/days
├ ƒ /api/content/balance
├ ƒ /api/content/classify
├ ƒ /api/content/item
├ ƒ /api/content/overview
├ ƒ /api/content/review
├ ƒ /api/customer/ideas
├ ƒ /api/darek/content
├ ƒ /api/darek/publish
├ ƒ /api/darek/puck
├ ƒ /api/darek/render
├ ƒ /api/dm/contacts
├ ƒ /api/dm/contacts/[id]
├ ƒ /api/dm/contacts/[id]/sync-ghl
├ ƒ /api/dm/extract-lead
├ ƒ /api/dm/rules
├ ƒ /api/dm/rules/[id]
├ ƒ /api/fokus/board
├ ƒ /api/fokus/coach
├ ƒ /api/fokus/contact
├ ƒ /api/fokus/inflode
├ ƒ /api/fokus/move-stage
├ ƒ /api/fokus/overview
├ ƒ /api/fokus/plan
├ ƒ /api/fokus/set-varde
├ ƒ /api/fordon/mark-sold
├ ƒ /api/fordon/post-suggest
├ ƒ /api/fordon/sales-stats
├ ƒ /api/fordon/sync-bytbil
├ ƒ /api/fordon/sync-cron
├ ƒ /api/generate/hashtags
├ ƒ /api/generate/post
├ ƒ /api/generate/regenerate
├ ƒ /api/generate/week
├ ƒ /api/google/auth
├ ƒ /api/google/callback
├ ƒ /api/google/ga4/auto
├ ƒ /api/google/ga4/properties
├ ƒ /api/google/ga4/report
├ ƒ /api/google/ga4/select
├ ƒ /api/google/gsc/cron
├ ƒ /api/google/gsc/select
├ ƒ /api/google/gsc/sites
├ ƒ /api/google/gsc/sync
├ ƒ /api/google/indexing
├ ƒ /api/google/status
├ ƒ /api/haydays/content
├ ƒ /api/haydays/preview
├ ƒ /api/haydays/publish
├ ƒ /api/ikigai/generate
├ ƒ /api/ikigai/public
├ ƒ /api/ikigai/sessions
├ ƒ /api/images/feedback
├ ƒ /api/images/pexels
├ ƒ /api/images/search
├ ƒ /api/images/upload
├ ƒ /api/import/instagram-pro
├ ƒ /api/indexnow
├ ƒ /api/instagram/connect
├ ƒ /api/instagram/publish
├ ƒ /api/instagram/publish-internal
├ ƒ /api/instagram/sync
├ ƒ /api/instagram/webhook
├ ƒ /api/intake/analyze
├ ƒ /api/intake/clarify
├ ƒ /api/intake/commit
├ ƒ /api/intake/proposals
├ ƒ /api/intake/sessions
├ ƒ /api/intake/storage-url
├ ƒ /api/intake/upload
├ ƒ /api/k/dashboard
├ ƒ /api/lead
├ ƒ /api/lifeibalans/lead
├ ƒ /api/lifeibalans/test
├ ƒ /api/linkedin/analyze
├ ƒ /api/linkedin/draft
├ ƒ /api/linkedin/ideas
├ ƒ /api/linkedin/import
├ ƒ /api/linkedin/pillars
├ ƒ /api/linkedin/posts
├ ƒ /api/linkedin/seed-pillars
├ ƒ /api/lobby/contacts
├ ƒ /api/lobby/extract
├ ƒ /api/lobby/parse-voice
├ ƒ /api/lobby/suggest-reply
├ ƒ /api/lobby/sync
├ ƒ /api/lobby/voice-update
├ ƒ /api/meta/connect-tenant
├ ƒ /api/meta/connect-tenant/manual
├ ƒ /api/meta/health
├ ƒ /api/meta/health/cron
├ ƒ /api/meta/oauth/callback
├ ƒ /api/meta/oauth/start
├ ƒ /api/meta/owner
├ ƒ /api/meta/pages
├ ƒ /api/newsletter
├ ƒ /api/newsletter/[id]
├ ƒ /api/newsletter/generate
├ ƒ /api/newsletter/test-send
├ ƒ /api/offert/blueprint
├ ƒ /api/offert/customers
├ ƒ /api/offert/fx
├ ƒ /api/offert/generate
├ ƒ /api/offert/market
├ ƒ /api/offert/products
├ ƒ /api/offert/products/extract
├ ƒ /api/offert/quote
├ ƒ /api/offert/quotes
├ ƒ /api/pages
├ ƒ /api/platform/modules
├ ƒ /api/platform/tenant
├ ƒ /api/platform/users
├ ƒ /api/posts
├ ƒ /api/posts/[id]
├ ƒ /api/posts/[id]/build-image-prompt
├ ƒ /api/posts/[id]/nano-banana
├ ƒ /api/posts/[id]/render-carousel
├ ƒ /api/posts/[id]/render-photo-overlay
├ ƒ /api/posts/[id]/render-svg
├ ƒ /api/posts/[id]/set-image
├ ƒ /api/profile
├ ƒ /api/profile-analyzer
├ ƒ /api/profile/assist
├ ƒ /api/profile/quality
├ ƒ /api/reports/weekly
├ ƒ /api/reports/weekly-cron
├ ƒ /api/reports/weekly/[id]/mail
├ ƒ /api/review/post
├ ƒ /api/scheduler
├ ƒ /api/scheduler/cron
├ ƒ /api/seo/ai-visibility
├ ƒ /api/seo/analytics
├ ƒ /api/seo/audit
├ ƒ /api/seo/content-audit
├ ƒ /api/seo/deep-audit
├ ƒ /api/seo/gsc-import
├ ƒ /api/seo/keyword-ideas
├ ƒ /api/seo/keywords
├ ƒ /api/seo/keywords/import-gsc
├ ƒ /api/seo/paa
├ ƒ /api/seo/page-text
├ ƒ /api/seo/report
├ ƒ /api/settings
├ ƒ /api/setup/chat
├ ƒ /api/setup/night-iterate
├ ƒ /api/setup/onboard-status
├ ƒ /api/setup/pixel-snippet
├ ƒ /api/setup/voice-rebuild
├ ƒ /api/share
├ ƒ /api/share/[token]
├ ƒ /api/sms/config
├ ƒ /api/sms/send
├ ƒ /api/social
├ ƒ /api/social/generate
├ ƒ /api/social/generate-image
├ ƒ /api/social/stock
├ ƒ /api/social/topic-suggest
├ ƒ /api/specialist
├ ƒ /api/specialist/[id]/run
├ ƒ /api/studio/adapt-channel
├ ƒ /api/studio/blog/generate
├ ƒ /api/studio/blog/list
├ ƒ /api/studio/blog/meta
├ ƒ /api/studio/blog/publish
├ ƒ /api/studio/blog/publish-native
├ ƒ /api/studio/blog/repurpose
├ ƒ /api/studio/brand
├ ƒ /api/studio/carousel/generate
├ ƒ /api/studio/edit-image
├ ƒ /api/studio/export
├ ƒ /api/studio/ghl-accounts
├ ƒ /api/studio/ghl-config
├ ƒ /api/studio/improve-post
├ ƒ /api/studio/logo-hint
├ ƒ /api/studio/media
├ ƒ /api/studio/parse-draft
├ ƒ /api/studio/posts
├ ƒ /api/studio/posts/[id]
├ ƒ /api/studio/publish
├ ƒ /api/studio/reels
├ ƒ /api/studio/reels/generate
├ ƒ /api/studio/reels/media
├ ƒ /api/studio/schedule
├ ƒ /api/studio/suggest-caption
├ ƒ /api/studio/suggest-image
├ ƒ /api/studio/suggest-text
├ ƒ /api/studio/upload-url
├ ƒ /api/text/voice-check
├ ƒ /api/track
├ ƒ /api/voice/rebuild
├ ƒ /blogg
├ ƒ /blogg/[slug]
├ ƒ /dashboard
├ ƒ /dashboard/agents
├ ƒ /dashboard/analysator
├ ƒ /dashboard/analytics
├ ƒ /dashboard/blogg
├ ƒ /dashboard/blogg-maskin
├ ƒ /dashboard/brand-kit
├ ƒ /dashboard/content-compass
├ ƒ /dashboard/dm
├ ƒ /dashboard/fokus
├ ƒ /dashboard/fordon
├ ƒ /dashboard/fordon-inlagg
├ ƒ /dashboard/godkannande
├ ƒ /dashboard/handbok
├ ƒ /dashboard/haydays
├ ƒ /dashboard/hq
├ ƒ /dashboard/ikigai
├ ƒ /dashboard/innehall
├ ƒ /dashboard/installningar
├ ƒ /dashboard/installningar/meta
├ ƒ /dashboard/konkurrenter
├ ƒ /dashboard/kund-access
├ ƒ /dashboard/leads
├ ƒ /dashboard/linkedin
├ ƒ /dashboard/mejl
├ ƒ /dashboard/mysales-kunder
├ ƒ /dashboard/nyhetsbrev
├ ƒ /dashboard/paket
├ ƒ /dashboard/profil
├ ƒ /dashboard/rapport
├ ƒ /dashboard/scheduler
├ ƒ /dashboard/seo
├ ƒ /dashboard/seo-aeo
├ ƒ /dashboard/setup
├ ƒ /dashboard/setup/onboard
├ ƒ /dashboard/sidor
├ ƒ /dashboard/skapa
├ ƒ /dashboard/sms-paminnelse
├ ƒ /dashboard/social
├ ƒ /dashboard/specialister
├ ƒ /dashboard/specialister/[id]
├ ƒ /dashboard/studio
├ ƒ /dashboard/studio/blogg
├ ƒ /dashboard/studio/kalender
├ ƒ /dashboard/studio/reels
├ ƒ /dashboard/utstallningar
├ ƒ /dashboard/veckoplan
├ ƒ /dashboard/verk
├ ƒ /dashboard/webbdata-demo
├ ƒ /fordon
├ ƒ /fordon/[slug]
├ ƒ /granska/[token]
├ ƒ /ikigai
├ ƒ /k
├ ƒ /k-logout
├ ƒ /k-utloggad
├ ƒ /k/[token]
├ ƒ /k/besokare
├ ƒ /k/blogg
├ ƒ /k/dm
├ ƒ /k/ej-i-paket
├ ƒ /k/fokus
├ ƒ /k/ideer
├ ƒ /k/ikigai
├ ƒ /k/kalender
├ ƒ /k/linkedin
├ ƒ /k/nyhetsbrev
├ ƒ /k/offert
├ ƒ /k/profil
├ ƒ /k/seo
├ ƒ /k/skapa
├ ƒ /k/studio
├ ƒ /k/veckoplan
├ ƒ /logga-in
├ ƒ /login
├ ○ /opengraph-image.png
├ ○ /robots.txt
├ ○ /sitemap.xml
├ ƒ /sites/lifeibalans
├ ƒ /sites/lifeibalans/[slug]
├ ○ /sites/lifeibalans/opengraph-image
├ ƒ /studio/reel-render
├ ƒ /studio/render/[templateId]
└ ƒ /verk/[slug]


ƒ Proxy (Middleware)

○  (Static)   prerendered as static content
ƒ  (Dynamic)  server-rendered on demand

