Radantal före: {
  agent_experiments: 94,
  studio_posts: 60,
  linkedin_posts: 19,
  hm_social_posts: 14
}
[prompt-core] profil klippt (caption, a6a33547-5ca7-475f-9a62-43ff2c74d000): Kundresa → Konkurrenter (13086 → 10842 tecken)
[textgolv] caption: siffror:24 kvarstår efter omgenerering — levererar bästa försöket
1. suggest-caption (direktgenerering) (displayteknik) → CTA OK (sist) [omgenererad]
[textgolv] caption: siffror:1|2|3|4|5 kvarstår efter omgenerering — levererar bästa försöket
2. suggest-caption (direktgenerering) (engens-trad) → CTA OK (sist) [omgenererad]
[prompt-core] profil klippt (caption, a6a33547-5ca7-475f-9a62-43ff2c74d000): Kundresa → Konkurrenter (13086 → 10842 tecken)
[textgolv] variant Fråga: siffror:24 kvarstår efter omgenerering — levererar bästa försöket
[textgolv] variant Berättelse: siffror:24 kvarstår efter omgenerering — levererar bästa försöket
[textgolv] variant Påstående: siffror:24 kvarstår efter omgenerering — levererar bästa försöket
3. suggest-caption variant (Fråga) (displayteknik) → CTA OK (sist) [omgenererad]
4. suggest-caption variant (Påstående) (displayteknik) → CTA OK (sist) [omgenererad]
5. suggest-caption variant (Berättelse) (displayteknik) → CTA OK (sist) [omgenererad]
[saneraText] klientens förbjudna ord kvar i färdig text (e9e9e9e9-7e2d-4a2b-9c1f-e1ce115da001): kanske
6. adapt-channel (ig) (engens-trad) → CTA OK (sist)
7. adapt-channel (fb) (engens-trad) → CTA OK (sist)
8. adapt-channel (li) (engens-trad) → CTA OK (sist)
[prompt-core] profil klippt (kanal-anpassning, a6a33547-5ca7-475f-9a62-43ff2c74d000): Kundresa → Konkurrenter (13086 → 10842 tecken)
9. improve-post (Förbättra) (displayteknik) → CTA OK (sist)
[saneraText] klientens förbjudna ord kvar i färdig text (e9e9e9e9-7e2d-4a2b-9c1f-e1ce115da001): kanske
10. generate/regenerate (gör om) (engens-trad) → CTA OK (sist)

=== 10 captions klara ===
[prompt-core] profil klippt (veckoplan, a6a33547-5ca7-475f-9a62-43ff2c74d000): Kundresa → Konkurrenter (13086 → 10842 tecken)
[saneraText] klientens förbjudna ord kvar i färdig text (a6a33547-5ca7-475f-9a62-43ff2c74d000): jag
[saneraText] klientens förbjudna ord kvar i färdig text (a6a33547-5ca7-475f-9a62-43ff2c74d000): jag
[saneraText] klientens förbjudna ord kvar i färdig text (a6a33547-5ca7-475f-9a62-43ff2c74d000): utmaning
[cta-golv] veckoplan: inlägg 7 saknar imperativ CTA — en omgenerering
vecka Måndag → CTA OK (sist)
vecka Tisdag → CTA OK (sist)
vecka Onsdag → CTA OK (sist)
vecka Torsdag → CTA OK (sist)
vecka Fredag → CTA OK (sist)
vecka Lördag → CTA OK (sist)
vecka Söndag → CTA OK (sist)
Radantal efter: {
  agent_experiments: 94,
  studio_posts: 60,
  linkedin_posts: 19,
  hm_social_posts: 14
}
Differens (ska vara 0 överallt): {
  agent_experiments: 0,
  studio_posts: 0,
  linkedin_posts: 0,
  hm_social_posts: 0
}
KLART → C:\Users\hakan\OneDrive\Dokument\Antigravity\hmmotor-next\docs\kvalitet3\p11\dod-bevis.json
EXIT=0
